venv\Scripts\python : 
2026-03-23 12:12:31.276 | INFO 
    | app.services.document_ser
vice:extract_text:177 - 
Starting text extraction for 
'mock_scanned.pdf' 
(application/pdf)
At line:1 char:1
+ venv\Scripts\python 
test_ocr_functionality.py > 
test_output.txt 2>&1
+ ~~~~~~~~~~~~~~~~~~~~~~~~~~~~~
~~~~~~~~~~~~~~~~~~~~~~~~~~~~~~~
~~~~~~~~
    + CategoryInfo          :  
   NotSpecified: (2026-03-23   
  12:1...pplication/pdf):Str   
 ing) [], RemoteException
    + FullyQualifiedErrorId :  
   NativeCommandError
 
2026-03-23 12:12:31.279 | 
DEBUG    | app.services.documen
t_service:extract_text:201 - 
PyPDF extracted 0 chars.
2026-03-23 12:12:31.285 | 
DEBUG    | app.services.documen
t_service:extract_text:215 - 
pdfplumber extracted 0 chars.
2026-03-23 12:12:31.285 | INFO 
    | app.services.document_ser
vice:extract_text:226 - 
Standard extraction returned 0 
chars for 'mock_scanned.pdf'. 
Attempting OCR fallback...
2026-03-23 12:12:36.358 | INFO 
    | app.services.document_ser
vice:_extract_with_ocr:110 - 
Initializing EasyOCR reader 
(this may take a few seconds 
on first run)...
Neither CUDA nor MPS are 
available - defaulting to CPU. 
Note: This module is much 
faster with a GPU.
2026-03-23 12:12:38.479 | INFO 
    | app.services.document_ser
vice:_extract_with_ocr:117 - 
Performing OCR on 1 pages...
D:\AI News Summarizer\backend\v
env\Lib\site-packages\torch\uti
ls\data\dataloader.py:775: 
UserWarning: 'pin_memory' 
argument is set as true but no 
accelerator is found, then 
device pinned memory won't be 
used.
  super().__init__(loader)
2026-03-23 12:13:18.480 | 
DEBUG    | app.services.documen
t_service:_extract_with_ocr:133
 - Page 1 OCR complete. 
Extracted 43 chars.
2026-03-23 12:13:18.584 | INFO 
    | app.services.document_ser
vice:result_with_log:244 - 
Finished extraction for 
'mock_scanned.pdf' in 47.31s. 
Total chars: 43
Created mock scanned PDF at mock_scanned.pdf
Testing extraction...
Extracted Total Chars: 43
--- START EXTRACTED TEXT ---
This is a SECRET test for OCR verification:
--- END EXTRACTED TEXT ---
FAILURE: OCR did not extract the expected text.
